exports[`Nav runs the Nav 1`] = `<SignedInNav />`;
